// Jest Snapshot v1, https://goo.gl/fbAQLP

exports[`<AddToCart/> renders and matches the snapshot 1`] = `
Array [
  <styles__AddToCartStyles
    data-test="btnAddtoCart"
    disabled={false}
    fullWidth={true}
    id="abc123"
    onClick={[Function]}
  >
    <button
      className="Button-sc-1hbypwi-0 styles__AddToCartStyles-ikq7x9-0 jlqvGb"
      data-test="btnAddtoCart"
      disabled={false}
      id="abc123"
      onClick={[Function]}
    >
      Add
       To Cart
    </button>
  </styles__AddToCartStyles>,
  <button
    className="Button-sc-1hbypwi-0 styles__AddToCartStyles-ikq7x9-0 jlqvGb"
    data-test="btnAddtoCart"
    disabled={false}
    id="abc123"
    onClick={[Function]}
  >
    Add
     To Cart
  </button>,
]
`;
